
> la-veinte-digital@0.002 typecheck
> tsc --noEmit

